./main.c:80: MINOR:C-F2
./main.c:93: MINOR:C-G2
./main.c:140: MAJOR:C-O3
./main.c:162: MAJOR:C-F4
./main.c:163: MAJOR:C-F4
./src/body.c:178: MAJOR:C-O3
./src/body.c:197: MAJOR:C-O3
./src/label.c:87: MAJOR:C-O3
./src/label.c:105: MAJOR:C-C1
./src/label.c:109: MAJOR:C-F4
./src/label.c:110: MAJOR:C-F4
./src/label.c:111: MAJOR:C-C1
./src/label.c:111: MAJOR:C-F4
./src/label.c:112: MAJOR:C-F4
./src/label.c:113: MAJOR:C-C1
./src/label.c:113: MAJOR:C-F4
./src/label.c:114: MAJOR:C-F4
./src/label.c:115: MAJOR:C-F4
./src/label.c:116: MAJOR:C-F4
./src/label.c:117: MAJOR:C-C1
./src/label.c:117: MAJOR:C-F4
./src/label.c:118: MAJOR:C-F4
./src/label.c:119: MAJOR:C-F4
./src/label.c:120: MAJOR:C-F4
./src/label.c:121: MAJOR:C-F4
./src/label.c:122: MAJOR:C-F4
./src/label.c:123: MAJOR:C-F4
./src/label.c:124: MAJOR:C-F4
./src/label.c:125: MAJOR:C-F4
./src/label.c:126: MAJOR:C-F4
./src/label.c:127: MAJOR:C-F4
